
> venta-agil@0.1.0 build
> next build --webpack

Ôû▓ Next.js 16.1.7 (webpack)
- Environments: .env.local

ÔÜá The "middleware" file convention is deprecated. Please use "proxy" instead. Learn more: https://nextjs.org/docs/messages/middleware-to-proxy
  Creating an optimized production build ...
> [PWA] Compile server
> [PWA] Compile server
> [PWA] Compile client (static)
> [PWA] Auto register service worker with: C:\6. Viaje a san andres\5. Ventas tienda\node_modules\next-pwa\register.js
> [PWA] Service worker: C:\6. Viaje a san andres\5. Ventas tienda\public\sw.js
> [PWA]   url: /sw.js
> [PWA]   scope: /
Ô£ô Compiled successfully in 26.7s
  Running TypeScript ...
Failed to compile.

./src/components/admin/LowStockModal.tsx:131:11
Type error: Type 'Product | null' is not assignable to type 'Product | null'. Two different types with this name exist, but they are unrelated.
  Type 'Product' is missing the following properties from type 'Product': costPrice, markup

  129 |             setSelectedProduct(null);
  130 |           }}
> 131 |           product={selectedProduct}
      |           ^
  132 |         />
  133 |       )}
  134 |     </>
Next.js build worker exited with code: 1 and signal: null
