
> venta-agil@0.1.0 build
> next build --webpack

Ôû▓ Next.js 16.1.7 (webpack)
- Environments: .env.local

ÔÜá The "middleware" file convention is deprecated. Please use "proxy" instead. Learn more: https://nextjs.org/docs/messages/middleware-to-proxy
  Creating an optimized production build ...
> [PWA] Compile server
> [PWA] Compile server
> [PWA] Compile client (static)
> [PWA] Auto register service worker with: C:\6. Viaje a san andres\5. Ventas tienda\node_modules\next-pwa\register.js
> [PWA] Service worker: C:\6. Viaje a san andres\5. Ventas tienda\public\sw.js
> [PWA]   url: /sw.js
> [PWA]   scope: /
Ô£ô Compiled successfully in 4.5s
  Running TypeScript ...
  Collecting page data using 11 workers ...
  Generating static pages using 11 workers (0/14) ...
  Generating static pages using 11 workers (3/14) 
  Generating static pages using 11 workers (6/14) 
  Generating static pages using 11 workers (10/14) 
Ô£ô Generating static pages using 11 workers (14/14) in 841.9ms
  Finalizing page optimization ...
  Collecting build traces ...

Route (app)
Ôöî Ôùï /
Ôö£ Ôùï /_not-found
Ôö£ Ôùï /admin/clients
Ôö£ ãÆ /admin/clients/[id]
Ôö£ Ôùï /admin/dashboard
Ôö£ Ôùï /admin/inventory
Ôö£ Ôùï /admin/purchases
Ôö£ Ôùï /admin/reports
Ôö£ Ôùï /admin/seed
Ôö£ ãÆ /api/auth/session
Ôö£ Ôùï /login
Ôö£ Ôùï /pos
Ôöö Ôùï /seed


ãÆ Proxy (Middleware)

Ôùï  (Static)   prerendered as static content
ãÆ  (Dynamic)  server-rendered on demand

